// Jest Snapshot v1, https://goo.gl/fbAQLP

exports[`ShowPage Component matches the snapshot 1`] = `
<div
  className="sc-iKTcqh lfjulL"
>
  <div>
    Loading...
  </div>
</div>
`;
