// Jest Snapshot v1, https://goo.gl/fbAQLP

exports[`EpisodeDetails Component matches snapshot 1`] = `
<div
  className="sc-dsLQwm hzXjGX"
  data-testid="loading"
/>
`;
