// Jest Snapshot v1, https://goo.gl/fbAQLP

exports[`ShowDetails Component matches snapshot 1`] = `
<div>
  Loading...
</div>
`;
